✔ runtime manifest、八层schema与九个Commands一致 (2.6306ms)
✔ OpenSpec升级只允许通过Runtime仓受控Change (0.421ms)
✔ README引导首次采用者完成接入并开始Change (1.0902ms)
✔ 工作流指南说明从需求到长期spec和归档的可观察效果 (0.2456ms)
✔ README与专题文档的仓库内链接全部有效 (1.8192ms)
✔ runtime树不含禁用资产路径段 (17.0246ms)
✔ VC-023 来源权威顺序由 RAW 编号承载 (0.3548ms)
✔ VC-027/VC-029 归档目录与旧结构 Change 不受 v6 与 evidence 新校验影响 (1578.9515ms)
✔ VC-028 现状合并后门禁条目逐项可对应且一项不减 (1664.6625ms)
✔ VC-030 发布模板删三节且保留 Spec Sync 表与门禁勾选 (0.5714ms)
✔ VC-039 早期目录归档后 active Change 只剩两个 (1.2225ms)
✔ REV-003 artifact-approvals 合同覆盖 v5/v6 两种工件集且校验真实批准文件 (2.6775ms)
✔ VC-041 仓内路径长度不得超出预算，超限项被点名 (61.7271ms)
✔ 升级评估只在临时根生成并输出三类脱敏delta (27668.4689ms)
✔ 非法升级请求在启动npm前拒绝 (4707.6623ms)
✔ 消费仓冒烟失败时报告留下可归因的原因文本 (15404.4396ms)
✔ Runtime源仓可以通过自身统一入口执行runtime-check (244.5437ms)
✔ gitlink、受管投影与递归克隆形成唯一运行时绑定 (8584.1886ms)
✔ 实时资产仓拒绝runtime-update且不修改Runtime (4835.5215ms)
✔ 未初始化、gitlink漂移与dirty submodule均fail closed (5089.7698ms)
✔ 投影漂移必须显式修复且旧软链自动迁移为副本 (5874.9332ms)
✔ gitlink 升级后旧投影被拒并由 apply 自动刷新；行尾差异不算漂移 (6530.7524ms)
✔ 受管投影的 index 坏账被拦下：ignore 吞投影与 120000 模式，且不误伤已跟踪文件 (6029.1348ms)
✔ 投影副本可作入口调用，未初始化目录仍 fail-closed 且文案指向 submodule 初始化 (5049.215ms)
✔ 超长路径不被误判为 dirty，同一路径下的真实修改仍被拒 (5354.5246ms)
✔ Runtime 入口的输出不含 Node 运行时弃用告警 (201.5159ms)
ℹ tests 26
ℹ pass 26
ℹ fail 0
