✖ 升级评估只在临时根生成并输出三类脱敏delta (23592.5761ms)
✔ 非法升级请求在启动npm前拒绝 (3248.4136ms)
ℹ tests 2
ℹ suites 0
ℹ pass 1
ℹ fail 1
ℹ cancelled 0
ℹ skipped 0
ℹ todo 0
ℹ duration_ms 26932.2737

✖ failing tests:

test at test\openspec-upgrade.test.ts:96:1
✖ 升级评估只在临时根生成并输出三类脱敏delta (23592.5761ms)
  AssertionError [ERR_ASSERTION]: OpenSpec候选评估未通过
  (node:36876) [DEP0190] DeprecationWarning: Passing args to a child process with shell option true can lead to security vulnerabilities, as the arguments are not escaped, only concatenated.
  (Use `node --trace-deprecation ...` to show where the warning was created)
  
  {
    "schemaVersion": 1,
    "currentVersion": "1.10.0",
    "candidateVersion": "1.11.0",
    "runtimeBaselineCommit": "6e8feeffe3d3468fc77c52101568fe644b246c1b",
    "startedAt": "2026-08-31T18:31:08.703Z",
    "endedAt": "2026-08-31T18:31:24.537Z",
    "generations": {
      "current": {
        "requestedVersion": "1.10.0",
        "actualVersion": "1.10.0",
        "commands": [
          {
            "path": "opsx-apply.md",
            "sha256": "sha256:7c888f34895aeb0db9b149578a0dd8ac17c09129cc5c3a9003c6d79e885da682"
          },
          {
            "path": "opsx-archive.md",
            "sha256": "sha256:730b94143cab8fc8e7f6f6e67f28004e7c4991206e25027c34cb29bf0473485b"
          },
          {
            "path": "opsx-continue.md",
            "sha256": "sha256:3048f0b860bdae9ee402f481a1e103cbc3738b928e7bb209f897fa48d0ad6669"
          },
          {
            "path": "opsx-explore.md",
            "sha256": "sha256:f833c88236ccfaefcc91f83306594cf567ecafaf7b02e4828123dd5dd8958949"
          },
          {
            "path": "opsx-new.md",
            "sha256": "sha256:4e8bac347af3eecada5e7ba0c021c842816c3e4f705d2b9cb0aa2599d73b2254"
          },
          {
            "path": "opsx-propose.md",
            "sha256": "sha256:beccf8b3f28bd618564afbdfd56a2d4fe7a3309a191607a1b0c56060f8a99e16"
          },
          {
            "path": "opsx-sync.md",
            "sha256": "sha256:0b54b1598b282abf9fc0195fc847d1ee80daad9dc4b9d90b4db02bd060c8c568"
          },
          {
            "path": "opsx-update.md",
            "sha256": "sha256:c1d3dc2fa80c2eab98c80d0d979a800d23289226c9443198929f86b21b7817a7"
          },
          {
            "path": "opsx-verify.md",
            "sha256": "sha256:d72248d6c42352129df344017b5d10f0113bebe1c62f09fb64e34052dd819875"
          }
        ]
      },
      "candidate": {
        "requestedVersion": "1.11.0",
        "actualVersion": "1.11.0",
        "commands": [
          {
            "path": "opsx-apply.md",
            "sha256": "sha256:7c888f34895aeb0db9b149578a0dd8ac17c09129cc5c3a9003c6d79e885da682"
          },
          {
            "path": "opsx-archive.md",
            "sha256": "sha256:730b94143cab8fc8e7f6f6e67f28004e7c4991206e25027c34cb29bf0473485b"
          },
          {
            "path": "opsx-continue.md",
            "sha256": "sha256:3048f0b860bdae9ee402f481a1e103cbc3738b928e7bb209f897fa48d0ad6669"
          },
          {
            "path": "opsx-explore.md",
            "sha256": "sha256:59a82e8f45fe6e619d64ad14ed444946b4f10ad792d8bd679260229eac15976b"
          },
          {
            "path": "opsx-new.md",
            "sha256": "sha256:4e8bac347af3eecada5e7ba0c021c842816c3e4f705d2b9cb0aa2599d73b2254"
          },
          {
            "path": "opsx-propose.md",
            "sha256": "sha256:beccf8b3f28bd618564afbdfd56a2d4fe7a3309a191607a1b0c56060f8a99e16"
          },
          {
            "path": "opsx-sync.md",
            "sha256": "sha256:0b54b1598b282abf9fc0195fc847d1ee80daad9dc4b9d90b4db02bd060c8c568"
          },
          {
            "path": "opsx-update.md",
            "sha256": "sha256:c1d3dc2fa80c2eab98c80d0d979a800d23289226c9443198929f86b21b7817a7"
          },
          {
            "path": "opsx-verify.md",
            "sha256": "sha256:d72248d6c42352129df344017b5d10f0113bebe1c62f09fb64e34052dd819875"
          }
        ]
      }
    },
    "deltas": {
      "upstream": {
        "from": "upstream-1.10.0",
        "to": "upstream-1.11.0",
        "files": [
          {
            "path": "opsx-apply.md",
            "changeType": "unchanged",
            "beforeSha256": "sha256:7c888f34895aeb0db9b149578a0dd8ac17c09129cc5c3a9003c6d79e885da682",
            "afterSha256": "sha256:7c888f34895aeb0db9b149578a0dd8ac17c09129cc5c3a9003c6d79e885da682",
            "additions": 0,
            "deletions": 0
          },
          {
            "path": "opsx-archive.md",
            "changeType": "unchanged",
            "beforeSha256": "sha256:730b94143cab8fc8e7f6f6e67f28004e7c4991206e25027c34cb29bf0473485b",
            "afterSha256": "sha256:730b94143cab8fc8e7f6f6e67f28004e7c4991206e25027c34cb29bf0473485b",
            "additions": 0,
            "deletions": 0
          },
          {
            "path": "opsx-continue.md",
            "changeType": "unchanged",
            "beforeSha256": "sha256:3048f0b860bdae9ee402f481a1e103cbc3738b928e7bb209f897fa48d0ad6669",
            "afterSha256": "sha256:3048f0b860bdae9ee402f481a1e103cbc3738b928e7bb209f897fa48d0ad6669",
            "additions": 0,
            "deletions": 0
          },
          {
            "path": "opsx-explore.md",
            "changeType": "modified",
            "beforeSha256": "sha256:f833c88236ccfaefcc91f83306594cf567ecafaf7b02e4828123dd5dd8958949",
            "afterSha256": "sha256:59a82e8f45fe6e619d64ad14ed444946b4f10ad792d8bd679260229eac15976b",
            "additions": 1,
            "deletions": 1
          },
          {
            "path": "opsx-new.md",
            "changeType": "unchanged",
            "beforeSha256": "sha256:4e8bac347af3eecada5e7ba0c021c842816c3e4f705d2b9cb0aa2599d73b2254",
            "afterSha256": "sha256:4e8bac347af3eecada5e7ba0c021c842816c3e4f705d2b9cb0aa2599d73b2254",
            "additions": 0,
            "deletions": 0
          },
          {
            "path": "opsx-propose.md",
            "changeType": "unchanged",
            "beforeSha256": "sha256:beccf8b3f28bd618564afbdfd56a2d4fe7a3309a191607a1b0c56060f8a99e16",
            "afterSha256": "sha256:beccf8b3f28bd618564afbdfd56a2d4fe7a3309a191607a1b0c56060f8a99e16",
            "additions": 0,
            "deletions": 0
          },
          {
            "path": "opsx-sync.md",
            "changeType": "unchanged",
            "beforeSha256": "sha256:0b54b1598b282abf9fc0195fc847d1ee80daad9dc4b9d90b4db02bd060c8c568",
            "afterSha256": "sha256:0b54b1598b282abf9fc0195fc847d1ee80daad9dc4b9d90b4db02bd060c8c568",
            "additions": 0,
            "deletions": 0
          },
          {
            "path": "opsx-update.md",
            "changeType": "unchanged",
            "beforeSha256": "sha256:c1d3dc2fa80c2eab98c80d0d979a800d23289226c9443198929f86b21b7817a7",
            "afterSha256": "sha256:c1d3dc2fa80c2eab98c80d0d979a800d23289226c9443198929f86b21b7817a7",
            "additions": 0,
            "deletions": 0
          },
          {
            "path": "opsx-verify.md",
            "changeType": "unchanged",
            "beforeSha256": "sha256:d72248d6c42352129df344017b5d10f0113bebe1c62f09fb64e34052dd819875",
            "afterSha256": "sha256:d72248d6c42352129df344017b5d10f0113bebe1c62f09fb64e34052dd819875",
            "additions": 0,
            "deletions": 0
          }
        ]
      },
      "currentLocal": {
        "from": "upstream-1.10.0",
        "to": "runtime-6e8feeffe3d3468fc77c52101568fe644b246c1b",
        "files": [
          {
            "path": "opsx-apply.md",
            "changeType": "modified",
            "beforeSha256": "sha256:7c888f34895aeb0db9b149578a0dd8ac17c09129cc5c3a9003c6d79e885da682",
            "afterSha256": "sha256:8f511634e315a7fbf84d642afca7d7faee9a59657993521abccf61815aeb7d7a",
            "additions": 186,
            "deletions": 1
          },
          {
            "path": "opsx-archive.md",
            "changeType": "modified",
            "beforeSha256": "sha256:730b94143cab8fc8e7f6f6e67f28004e7c4991206e25027c34cb29bf0473485b",
            "afterSha256": "sha256:d3366facd058e4ee719c606f770f42f1c6a9cefaa2bd141041fb83d2a5a24627",
            "additions": 119,
            "deletions": 1
          },
          {
            "path": "opsx-continue.md",
            "changeType": "modified",
            "beforeSha256": "sha256:3048f0b860bdae9ee402f481a1e103cbc3738b928e7bb209f897fa48d0ad6669",
            "afterSha256": "sha256:1eb03cd1368eddf6a5c2d9fef2de3ae0c002edfeebd086d0a4e8ea465d7d365b",
            "additions": 144,
            "deletions": 1
          },
          {
            "path": "opsx-explore.md",
            "changeType": "modified",
            "beforeSha256": "sha256:f833c88236ccfaefcc91f83306594cf567ecafaf7b02e4828123dd5dd8958949",
            "afterSha256": "sha256:64958409c0baaa289568265d822e662577f2b45e3df4fef7bcfbaa74d434eda2",
            "additions": 199,
            "deletions": 1
          },
          {
            "path": "opsx-new.md",
            "changeType": "modified",
            "beforeSha256": "sha256:4e8bac347af3eecada5e7ba0c021c842816c3e4f705d2b9cb0aa2599d73b2254",
            "afterSha256": "sha256:befbec7bff53175370df5e4f66ac73e2b09776a40c449ce89998b7489999826b",
            "additions": 91,
            "deletions": 1
          },
          {
            "path": "opsx-propose.md",
            "changeType": "modified",
            "beforeSha256": "sha256:beccf8b3f28bd618564afbdfd56a2d4fe7a3309a191607a1b0c56060f8a99e16",
            "afterSha256": "sha256:1e70df3b0cee7af140b6b48af1003130d9c06d95b5c7b51ce9b97ba50d4d4efc",
            "additions": 157,
            "deletions": 1
          },
          {
            "path": "opsx-sync.md",
            "changeType": "modified",
            "beforeSha256": "sha256:0b54b1598b282abf9fc0195fc847d1ee80daad9dc4b9d90b4db02bd060c8c568",
            "afterSha256": "sha256:c41475ff8f8d9d73f7a12097eed1e494dcb734dfeae0ce6a7ec2c2b5af4c8a7c",
            "additions": 238,
            "deletions": 1
          },
          {
            "path": "opsx-update.md",
            "changeType": "modified",
            "beforeSha256": "sha256:c1d3dc2fa80c2eab98c80d0d979a800d23289226c9443198929f86b21b7817a7",
            "afterSha256": "sha256:bf2cb9bbb1d575a1efb87861c8d1fc96042a78abeb849d47ac5900c8855a2c1a",
            "additions": 112,
            "deletions": 1
          },
          {
            "path": "opsx-verify.md",
            "changeType": "modified",
            "beforeSha256": "sha256:d72248d6c42352129df344017b5d10f0113bebe1c62f09fb64e34052dd819875",
            "afterSha256": "sha256:fd7e145afbf04b006aadf4b163e98301a9a8bf87e9c28642668f6a87808e72a0",
            "additions": 216,
            "deletions": 1
          }
        ]
      },
      "candidateLocal": {
        "from": "upstream-1.11.0",
        "to": "runtime-candidate",
        "files": [
          {
            "path": "opsx-apply.md",
            "changeType": "modified",
            "beforeSha256": "sha256:7c888f34895aeb0db9b149578a0dd8ac17c09129cc5c3a9003c6d79e885da682",
            "afterSha256": "sha256:8f511634e315a7fbf84d642afca7d7faee9a59657993521abccf61815aeb7d7a",
            "additions": 186,
            "deletions": 1
          },
          {
            "path": "opsx-archive.md",
            "changeType": "modified",
            "beforeSha256": "sha256:730b94143cab8fc8e7f6f6e67f28004e7c4991206e25027c34cb29bf0473485b",
            "afterSha256": "sha256:d3366facd058e4ee719c606f770f42f1c6a9cefaa2bd141041fb83d2a5a24627",
            "additions": 119,
            "deletions": 1
          },
          {
            "path": "opsx-continue.md",
            "changeType": "modified",
            "beforeSha256": "sha256:3048f0b860bdae9ee402f481a1e103cbc3738b928e7bb209f897fa48d0ad6669",
            "afterSha256": "sha256:1eb03cd1368eddf6a5c2d9fef2de3ae0c002edfeebd086d0a4e8ea465d7d365b",
            "additions": 144,
            "deletions": 1
          },
          {
            "path": "opsx-explore.md",
            "changeType": "modified",
            "beforeSha256": "sha256:59a82e8f45fe6e619d64ad14ed444946b4f10ad792d8bd679260229eac15976b",
            "afterSha256": "sha256:64958409c0baaa289568265d822e662577f2b45e3df4fef7bcfbaa74d434eda2",
            "additions": 199,
            "deletions": 1
          },
          {
            "path": "opsx-new.md",
            "changeType": "modified",
            "beforeSha256": "sha256:4e8bac347af3eecada5e7ba0c021c842816c3e4f705d2b9cb0aa2599d73b2254",
            "afterSha256": "sha256:befbec7bff53175370df5e4f66ac73e2b09776a40c449ce89998b7489999826b",
            "additions": 91,
            "deletions": 1
          },
          {
            "path": "opsx-propose.md",
            "changeType": "modified",
            "beforeSha256": "sha256:beccf8b3f28bd618564afbdfd56a2d4fe7a3309a191607a1b0c56060f8a99e16",
            "afterSha256": "sha256:1e70df3b0cee7af140b6b48af1003130d9c06d95b5c7b51ce9b97ba50d4d4efc",
            "additions": 157,
            "deletions": 1
          },
          {
            "path": "opsx-sync.md",
            "changeType": "modified",
            "beforeSha256": "sha256:0b54b1598b282abf9fc0195fc847d1ee80daad9dc4b9d90b4db02bd060c8c568",
            "afterSha256": "sha256:c41475ff8f8d9d73f7a12097eed1e494dcb734dfeae0ce6a7ec2c2b5af4c8a7c",
            "additions": 238,
            "deletions": 1
          },
          {
            "path": "opsx-update.md",
            "changeType": "modified",
            "beforeSha256": "sha256:c1d3dc2fa80c2eab98c80d0d979a800d23289226c9443198929f86b21b7817a7",
            "afterSha256": "sha256:bf2cb9bbb1d575a1efb87861c8d1fc96042a78abeb849d47ac5900c8855a2c1a",
            "additions": 112,
            "deletions": 1
          },
          {
            "path": "opsx-verify.md",
            "changeType": "modified",
            "beforeSha256": "sha256:d72248d6c42352129df344017b5d10f0113bebe1c62f09fb64e34052dd819875",
            "afterSha256": "sha256:fd7e145afbf04b006aadf4b163e98301a9a8bf87e9c28642668f6a87808e72a0",
            "additions": 216,
            "deletions": 1
          }
        ]
      }
    },
    "probes": {
      "current": [
        {
          "id": "change-status",
          "argv": [
            "status",
            "--change",
            "probe",
            "--json"
          ],
          "status": 0,
          "fields": [
            {
              "path": "changeName",
              "type": "string"
            },
            {
              "path": "schemaName",
              "type": "string"
            },
            {
              "path": "planningHome",
              "type": "object"
            },
            {
              "path": "artifactPaths",
              "type": "object"
            },
            {
              "path": "isPlanningComplete",
              "type": "boolean"
            },
            {
              "path": "isComplete",
              "type": "boolean"
            },
            {
              "path": "applyRequires",
              "type": "array"
            },
            {
              "path": "nextSteps",
              "type": "array"
            },
            {
              "path": "actionContext",
              "type": "object"
            },
            {
              "path": "artifacts",
              "type": "array"
            },
            {
              "path": "root",
              "type": "object"
            }
          ],
          "structureSha256": "sha256:9d89e652f60f794cb916c6a090495281aac8e3673e7260965a18ad1bdd59597d",
          "result": "PASS"
        },
        {
          "id": "change-show-error-json",
          "argv": [
            "show",
            "probe",
            "--json",
            "--type",
            "change",
            "--no-interactive"
          ],
          "status": 1,
          "fields": [
            {
              "path": "status",
              "type": "array"
            },
            {
              "path": "status.0.severity",
              "type": "string"
            },
            {
              "path": "status.0.code",
              "type": "string"
            },
            {
              "path": "status.0.message",
              "type": "string"
            }
          ],
          "structureSha256": "sha256:81e2e39297aa5cc2c0e68fee083f7a79d14da4c36535ffca433d8e55c3839085",
          "result": "PASS"
        },
        {
          "id": "status-all",
          "argv": [
            "status",
            "--all",
            "--json"
          ],
          "status": 0,
          "fields": [
            {
              "path": "changes",
              "type": "array"
            },
            {
              "path": "root",
              "type": "object"
            }
          ],
          "structureSha256": null,
          "result": "SKIP"
        }
      ],
      "candidate": [
        {
          "id": "change-status",
          "argv": [
            "status",
            "--change",
            "probe",
            "--json"
          ],
          "status": 0,
          "fields": [
            {
              "path": "changeName",
              "type": "string"
            },
            {
              "path": "schemaName",
              "type": "string"
            },
            {
              "path": "planningHome",
              "type": "object"
            },
            {
              "path": "artifactPaths",
              "type": "object"
            },
            {
              "path": "isPlanningComplete",
              "type": "boolean"
            },
            {
              "path": "isComplete",
              "type": "boolean"
            },
            {
              "path": "applyRequires",
              "type": "array"
            },
            {
              "path": "nextSteps",
              "type": "array"
            },
            {
              "path": "actionContext",
              "type": "object"
            },
            {
              "path": "artifacts",
              "type": "array"
            },
            {
              "path": "root",
              "type": "object"
            }
          ],
          "structureSha256": "sha256:9d89e652f60f794cb916c6a090495281aac8e3673e7260965a18ad1bdd59597d",
          "result": "PASS"
        },
        {
          "id": "change-show-error-json",
          "argv": [
            "show",
            "probe",
            "--json",
            "--type",
            "change",
            "--no-interactive"
          ],
          "status": 1,
          "fields": [
            {
              "path": "status",
              "type": "array"
            },
            {
              "path": "status.0.severity",
              "type": "string"
            },
            {
              "path": "status.0.code",
              "type": "string"
            },
            {
              "path": "status.0.message",
              "type": "string"
            }
          ],
          "structureSha256": "sha256:81e2e39297aa5cc2c0e68fee083f7a79d14da4c36535ffca433d8e55c3839085",
          "result": "PASS"
        },
        {
          "id": "status-all",
          "argv": [
            "status",
            "--all",
            "--json"
          ],
          "status": 0,
          "fields": [
            {
              "path": "changes",
              "type": "array"
            },
            {
              "path": "root",
              "type": "object"
            }
          ],
          "structureSha256": "sha256:41b74762313140e59f6b2e86990494c42792bd6f7d749b135e1798ca3cb96eef",
          "result": "PASS"
        }
      ]
    },
    "blankFixture": {
      "status": 0,
      "result": "PASS"
    },
    "consumers": [
      {
        "name": "agent-system",
        "head": "2f0bd731279ae4b104598e0742636b36788d3247",
        "beforeDigest": "sha256:4b4fe3714e2fcf7da604e827cd71fdc89a2ee6f17a7c8e4df2773a3c601c60f1",
        "afterDigest": "sha256:4b4fe3714e2fcf7da604e827cd71fdc89a2ee6f17a7c8e4df2773a3c601c60f1",
        "runtimeStatus": 0,
        "probeStatus": 0,
        "result": "PASS"
      },
      {
        "name": "webcoding-spec",
        "head": "7ec42a41c2c74610002a75a822a87c36e0327779",
        "beforeDigest": "sha256:79d182062bbd17b3aa4e3113eeb05c1258c80ad7f5c6dc58300e814e1c102e45",
        "afterDigest": "sha256:79d182062bbd17b3aa4e3113eeb05c1258c80ad7f5c6dc58300e814e1c102e45",
        "runtimeStatus": 1,
        "probeStatus": 0,
        "result": "FAIL"
      },
      {
        "name": "work-spec",
        "head": "66300c6f68c8e9eb677d15131f169fa32ae61bc8",
        "beforeDigest": "sha256:e6648b540589468d3097439389535c216088ced630494748011d44c8dcc736a2",
        "afterDigest": "sha256:e6648b540589468d3097439389535c216088ced630494748011d44c8dcc736a2",
        "runtimeStatus": 0,
        "probeStatus": 0,
        "result": "PASS"
      }
    ],
    "realRepositoriesUnchanged": true,
    "temporaryRootsCleaned": true,
    "result": "FAIL"
  }
  
  
  1 !== 0
  
      at TestContext.<anonymous> (file:///<home>/AppData/Local/Temp/tmp.HqCUCBgQRd/head/test/openspec-upgrade.test.ts:106:12)
      at Test.runInAsyncScope (node:async_hooks:213:14)
      at Test.run (node:internal/test_runner/test:1106:25)
      at Test.start (node:internal/test_runner/test:1003:17)
      at startSubtestAfterBootstrap (node:internal/test_runner/harness:358:17) {
    generatedMessage: false,
    code: 'ERR_ASSERTION',
    actual: 1,
    expected: 0,
    operator: 'strictEqual',
    diff: 'simple'
  }
